[     663ms] [INFO] %cDownload the React DevTools for a better development experience: https://reactjs.org/link/react-devtools font-weight:bold @ http://localhost:5173/node_modules/.vite/deps/chunk-PJEEZAML.js?v=d6c27e7b:21550
[     729ms] [WARNING] ⚠️ React Router Future Flag Warning: React Router will begin wrapping state updates in `React.startTransition` in v7. You can use the `v7_startTransition` future flag to opt-in early. For more information, see https://reactrouter.com/v6/upgrading/future#v7_starttransition. @ http://localhost:5173/node_modules/.vite/deps/react-router-dom.js?v=d6c27e7b:4392
[     730ms] [WARNING] ⚠️ React Router Future Flag Warning: Relative route resolution within Splat routes is changing in v7. You can use the `v7_relativeSplatPath` future flag to opt-in early. For more information, see https://reactrouter.com/v6/upgrading/future#v7_relativesplatpath. @ http://localhost:5173/node_modules/.vite/deps/react-router-dom.js?v=d6c27e7b:4392
[  139781ms] [ERROR] Failed to load resource: the server responded with a status of 500 (Internal Server Error) @ http://localhost:5000/api/admin/audit-log?fromDate=2026-05-25&toDate=2026-05-25&page=1&pageSize=1:0
[  141663ms] [ERROR] Failed to load resource: the server responded with a status of 500 (Internal Server Error) @ http://localhost:5000/api/admin/audit-log?fromDate=2026-05-25&toDate=2026-05-25&page=1&pageSize=1:0
[ 2668238ms] [ERROR] Failed to load resource: net::ERR_CONNECTION_RESET @ http://localhost:5000/api/admin/users?page=1&pageSize=10:0
[ 2668241ms] [ERROR] Failed to load resource: net::ERR_CONNECTION_RESET @ http://localhost:5000/api/admin/users?pageSize=1:0
[ 2668243ms] [ERROR] Failed to load resource: net::ERR_CONNECTION_RESET @ http://localhost:5000/api/admin/audit-log?fromDate=2026-05-25&toDate=2026-05-25&page=1&pageSize=1:0
[ 2668243ms] [ERROR] Failed to load resource: net::ERR_CONNECTION_RESET @ http://localhost:5000/api/admin/users?pageSize=1:0
[ 2668243ms] [ERROR] Failed to load resource: net::ERR_CONNECTION_RESET @ http://localhost:5000/api/admin/audit-log?fromDate=2026-05-25&toDate=2026-05-25&page=1&pageSize=1:0
[ 2668243ms] [ERROR] Failed to load resource: net::ERR_CONNECTION_RESET @ http://localhost:5000/api/admin/users?page=1&pageSize=10:0
[ 5431369ms] [LOG] [vite] server connection lost. Polling for restart... @ http://localhost:5173/@vite/client:559
[ 5664118ms] [ERROR] Failed to load resource: net::ERR_NETWORK_IO_SUSPENDED @ http://localhost:5173/:0
[ 5915094ms] [INFO] %cDownload the React DevTools for a better development experience: https://reactjs.org/link/react-devtools font-weight:bold @ http://localhost:5173/node_modules/.vite/deps/chunk-PJEEZAML.js?v=d6c27e7b:21550
[ 5915276ms] [WARNING] ⚠️ React Router Future Flag Warning: React Router will begin wrapping state updates in `React.startTransition` in v7. You can use the `v7_startTransition` future flag to opt-in early. For more information, see https://reactrouter.com/v6/upgrading/future#v7_starttransition. @ http://localhost:5173/node_modules/.vite/deps/react-router-dom.js?v=d6c27e7b:4392
[ 5915276ms] [WARNING] ⚠️ React Router Future Flag Warning: Relative route resolution within Splat routes is changing in v7. You can use the `v7_relativeSplatPath` future flag to opt-in early. For more information, see https://reactrouter.com/v6/upgrading/future#v7_relativesplatpath. @ http://localhost:5173/node_modules/.vite/deps/react-router-dom.js?v=d6c27e7b:4392
[ 5917607ms] [ERROR] Failed to load resource: net::ERR_CONNECTION_REFUSED @ http://localhost:5000/api/admin/users?pageSize=1:0
[ 5917608ms] [ERROR] Failed to load resource: net::ERR_CONNECTION_REFUSED @ http://localhost:5000/api/admin/audit-log?fromDate=2026-05-25&toDate=2026-05-25&page=1&pageSize=1:0
[ 5917608ms] [ERROR] Failed to load resource: net::ERR_CONNECTION_REFUSED @ http://localhost:5000/api/admin/users?pageSize=1:0
[ 5917608ms] [ERROR] Failed to load resource: net::ERR_CONNECTION_REFUSED @ http://localhost:5000/api/admin/audit-log?fromDate=2026-05-25&toDate=2026-05-25&page=1&pageSize=1:0
[ 8357937ms] [LOG] [vite] server connection lost. Polling for restart... @ http://localhost:5173/@vite/client:559
[ 8357946ms] [ERROR] Failed to load resource: net::ERR_NETWORK_IO_SUSPENDED @ http://localhost:5173/:0
[ 8585984ms] [INFO] %cDownload the React DevTools for a better development experience: https://reactjs.org/link/react-devtools font-weight:bold @ http://localhost:5173/node_modules/.vite/deps/chunk-PJEEZAML.js?v=d6c27e7b:21550
[ 8586057ms] [WARNING] ⚠️ React Router Future Flag Warning: React Router will begin wrapping state updates in `React.startTransition` in v7. You can use the `v7_startTransition` future flag to opt-in early. For more information, see https://reactrouter.com/v6/upgrading/future#v7_starttransition. @ http://localhost:5173/node_modules/.vite/deps/react-router-dom.js?v=d6c27e7b:4392
[ 8586058ms] [WARNING] ⚠️ React Router Future Flag Warning: Relative route resolution within Splat routes is changing in v7. You can use the `v7_relativeSplatPath` future flag to opt-in early. For more information, see https://reactrouter.com/v6/upgrading/future#v7_relativesplatpath. @ http://localhost:5173/node_modules/.vite/deps/react-router-dom.js?v=d6c27e7b:4392
[ 8588388ms] [ERROR] Failed to load resource: net::ERR_CONNECTION_REFUSED @ http://localhost:5000/api/admin/users?pageSize=1:0
[ 8588388ms] [ERROR] Failed to load resource: net::ERR_CONNECTION_REFUSED @ http://localhost:5000/api/admin/audit-log?fromDate=2026-05-25&toDate=2026-05-25&page=1&pageSize=1:0
[ 8588400ms] [ERROR] Failed to load resource: net::ERR_CONNECTION_REFUSED @ http://localhost:5000/api/admin/users?pageSize=1:0
[ 8588400ms] [ERROR] Failed to load resource: net::ERR_CONNECTION_REFUSED @ http://localhost:5000/api/admin/audit-log?fromDate=2026-05-25&toDate=2026-05-25&page=1&pageSize=1:0
[11135299ms] [LOG] [vite] server connection lost. Polling for restart... @ http://localhost:5173/@vite/client:559
[11135322ms] [ERROR] Failed to load resource: net::ERR_NETWORK_IO_SUSPENDED @ http://localhost:5173/:0
[11356069ms] [ERROR] Failed to load resource: net::ERR_NETWORK_IO_SUSPENDED @ http://localhost:5173/src/index.css?t=1779689662136:0
[11356075ms] [ERROR] Failed to load resource: net::ERR_NETWORK_IO_SUSPENDED @ http://localhost:5173/src/App.tsx?t=1779689662136:0
[13579376ms] [ERROR] Failed to load resource: net::ERR_NETWORK_IO_SUSPENDED @ http://localhost:5173/node_modules/vite/dist/client/env.mjs:0
