[     163ms] [INFO] %cDownload the React DevTools for a better development experience: https://reactjs.org/link/react-devtools font-weight:bold @ http://localhost:5173/node_modules/.vite/deps/chunk-PJEEZAML.js?v=5a6dc86a:21550
[     215ms] [WARNING] ⚠️ React Router Future Flag Warning: React Router will begin wrapping state updates in `React.startTransition` in v7. You can use the `v7_startTransition` future flag to opt-in early. For more information, see https://reactrouter.com/v6/upgrading/future#v7_starttransition. @ http://localhost:5173/node_modules/.vite/deps/react-router-dom.js?v=95646d0f:4392
[     216ms] [WARNING] ⚠️ React Router Future Flag Warning: Relative route resolution within Splat routes is changing in v7. You can use the `v7_relativeSplatPath` future flag to opt-in early. For more information, see https://reactrouter.com/v6/upgrading/future#v7_relativesplatpath. @ http://localhost:5173/node_modules/.vite/deps/react-router-dom.js?v=95646d0f:4392
[   10179ms] TypeError: Cannot read properties of undefined (reading 'split')
    at formatDateHeader (http://localhost:5173/@fs/D:/project/PropelIQ-Project/PROPELIQ-Patient-Access-Clinical-Intelligence/frontend/src/pages/booking/AppointmentSearchPage.tsx:43:38)
    at http://localhost:5173/@fs/D:/project/PropelIQ-Project/PROPELIQ-Patient-Access-Clinical-Intelligence/frontend/src/pages/booking/AppointmentSearchPage.tsx:464:113
    at Array.map (<anonymous>)
    at AppointmentSearchPage (http://localhost:5173/@fs/D:/project/PropelIQ-Project/PROPELIQ-Patient-Access-Clinical-Intelligence/frontend/src/pages/booking/AppointmentSearchPage.tsx:462:75)
    at renderWithHooks (http://localhost:5173/node_modules/.vite/deps/chunk-PJEEZAML.js?v=5a6dc86a:11548:26)
    at updateFunctionComponent (http://localhost:5173/node_modules/.vite/deps/chunk-PJEEZAML.js?v=5a6dc86a:14582:28)
    at beginWork (http://localhost:5173/node_modules/.vite/deps/chunk-PJEEZAML.js?v=5a6dc86a:15924:22)
    at HTMLUnknownElement.callCallback2 (http://localhost:5173/node_modules/.vite/deps/chunk-PJEEZAML.js?v=5a6dc86a:3674:22)
    at Object.invokeGuardedCallbackDev (http://localhost:5173/node_modules/.vite/deps/chunk-PJEEZAML.js?v=5a6dc86a:3699:24)
    at invokeGuardedCallback (http://localhost:5173/node_modules/.vite/deps/chunk-PJEEZAML.js?v=5a6dc86a:3733:39)
[   10184ms] TypeError: Cannot read properties of undefined (reading 'split')
    at formatDateHeader (http://localhost:5173/@fs/D:/project/PropelIQ-Project/PROPELIQ-Patient-Access-Clinical-Intelligence/frontend/src/pages/booking/AppointmentSearchPage.tsx:43:38)
    at http://localhost:5173/@fs/D:/project/PropelIQ-Project/PROPELIQ-Patient-Access-Clinical-Intelligence/frontend/src/pages/booking/AppointmentSearchPage.tsx:464:113
    at Array.map (<anonymous>)
    at AppointmentSearchPage (http://localhost:5173/@fs/D:/project/PropelIQ-Project/PROPELIQ-Patient-Access-Clinical-Intelligence/frontend/src/pages/booking/AppointmentSearchPage.tsx:462:75)
    at renderWithHooks (http://localhost:5173/node_modules/.vite/deps/chunk-PJEEZAML.js?v=5a6dc86a:11548:26)
    at updateFunctionComponent (http://localhost:5173/node_modules/.vite/deps/chunk-PJEEZAML.js?v=5a6dc86a:14582:28)
    at beginWork (http://localhost:5173/node_modules/.vite/deps/chunk-PJEEZAML.js?v=5a6dc86a:15924:22)
    at HTMLUnknownElement.callCallback2 (http://localhost:5173/node_modules/.vite/deps/chunk-PJEEZAML.js?v=5a6dc86a:3674:22)
    at Object.invokeGuardedCallbackDev (http://localhost:5173/node_modules/.vite/deps/chunk-PJEEZAML.js?v=5a6dc86a:3699:24)
    at invokeGuardedCallback (http://localhost:5173/node_modules/.vite/deps/chunk-PJEEZAML.js?v=5a6dc86a:3733:39)
[   10184ms] [ERROR] The above error occurred in the <AppointmentSearchPage> component:

    at AppointmentSearchPage (http://localhost:5173/@fs/D:/project/PropelIQ-Project/PROPELIQ-Patient-Access-Clinical-Intelligence/frontend/src/pages/booking/AppointmentSearchPage.tsx:65:20)
    at main
    at div
    at div
    at AppLayout (http://localhost:5173/@fs/D:/project/PropelIQ-Project/PROPELIQ-Patient-Access-Clinical-Intelligence/frontend/src/components/layout/AppLayout.tsx:22:29)
    at RenderedRoute (http://localhost:5173/node_modules/.vite/deps/react-router-dom.js?v=95646d0f:4088:5)
    at Routes (http://localhost:5173/node_modules/.vite/deps/react-router-dom.js?v=95646d0f:4558:5)
    at AuthProvider (http://localhost:5173/@fs/D:/project/PropelIQ-Project/PROPELIQ-Patient-Access-Clinical-Intelligence/frontend/src/hooks/useAuth.ts:56:32)
    at NotificationProvider (http://localhost:5173/@fs/D:/project/PropelIQ-Project/PROPELIQ-Patient-Access-Clinical-Intelligence/frontend/src/hooks/useNotifications.ts:52:40)
    at App
    at Router (http://localhost:5173/node_modules/.vite/deps/react-router-dom.js?v=95646d0f:4501:15)
    at BrowserRouter (http://localhost:5173/node_modules/.vite/deps/react-router-dom.js?v=95646d0f:5247:5)

Consider adding an error boundary to your tree to customize error handling behavior.
Visit https://reactjs.org/link/error-boundaries to learn more about error boundaries. @ http://localhost:5173/node_modules/.vite/deps/chunk-PJEEZAML.js?v=5a6dc86a:14031
[   10185ms] TypeError: Cannot read properties of undefined (reading 'split')
    at formatDateHeader (http://localhost:5173/@fs/D:/project/PropelIQ-Project/PROPELIQ-Patient-Access-Clinical-Intelligence/frontend/src/pages/booking/AppointmentSearchPage.tsx:43:38)
    at http://localhost:5173/@fs/D:/project/PropelIQ-Project/PROPELIQ-Patient-Access-Clinical-Intelligence/frontend/src/pages/booking/AppointmentSearchPage.tsx:464:113
    at Array.map (<anonymous>)
    at AppointmentSearchPage (http://localhost:5173/@fs/D:/project/PropelIQ-Project/PROPELIQ-Patient-Access-Clinical-Intelligence/frontend/src/pages/booking/AppointmentSearchPage.tsx:462:75)
    at renderWithHooks (http://localhost:5173/node_modules/.vite/deps/chunk-PJEEZAML.js?v=5a6dc86a:11548:26)
    at updateFunctionComponent (http://localhost:5173/node_modules/.vite/deps/chunk-PJEEZAML.js?v=5a6dc86a:14582:28)
    at beginWork (http://localhost:5173/node_modules/.vite/deps/chunk-PJEEZAML.js?v=5a6dc86a:15924:22)
    at beginWork$1 (http://localhost:5173/node_modules/.vite/deps/chunk-PJEEZAML.js?v=5a6dc86a:19753:22)
    at performUnitOfWork (http://localhost:5173/node_modules/.vite/deps/chunk-PJEEZAML.js?v=5a6dc86a:19198:20)
    at workLoopSync (http://localhost:5173/node_modules/.vite/deps/chunk-PJEEZAML.js?v=5a6dc86a:19137:13)
[  238633ms] [LOG] [vite] server connection lost. Polling for restart... @ http://localhost:5173/@vite/client:559
[  240978ms] [ERROR] Failed to load resource: net::ERR_CONNECTION_REFUSED @ http://localhost:5173/:0
[  244310ms] [ERROR] Failed to load resource: net::ERR_CONNECTION_REFUSED @ http://localhost:5173/:0
[  247640ms] [ERROR] Failed to load resource: net::ERR_CONNECTION_REFUSED @ http://localhost:5173/:0
[  250992ms] [ERROR] Failed to load resource: net::ERR_CONNECTION_REFUSED @ http://localhost:5173/:0
[  254349ms] [ERROR] Failed to load resource: net::ERR_CONNECTION_REFUSED @ http://localhost:5173/:0
[  257710ms] [ERROR] Failed to load resource: net::ERR_CONNECTION_REFUSED @ http://localhost:5173/:0
[  261079ms] [ERROR] Failed to load resource: net::ERR_CONNECTION_REFUSED @ http://localhost:5173/:0
[  266856ms] [INFO] %cDownload the React DevTools for a better development experience: https://reactjs.org/link/react-devtools font-weight:bold @ http://localhost:5173/node_modules/.vite/deps/chunk-PJEEZAML.js?v=5dd3f5a8:21550
[  266943ms] [WARNING] ⚠️ React Router Future Flag Warning: React Router will begin wrapping state updates in `React.startTransition` in v7. You can use the `v7_startTransition` future flag to opt-in early. For more information, see https://reactrouter.com/v6/upgrading/future#v7_starttransition. @ http://localhost:5173/node_modules/.vite/deps/react-router-dom.js?v=19e262be:4392
[  266943ms] [WARNING] ⚠️ React Router Future Flag Warning: Relative route resolution within Splat routes is changing in v7. You can use the `v7_relativeSplatPath` future flag to opt-in early. For more information, see https://reactrouter.com/v6/upgrading/future#v7_relativesplatpath. @ http://localhost:5173/node_modules/.vite/deps/react-router-dom.js?v=19e262be:4392
