[     191ms] [INFO] %cDownload the React DevTools for a better development experience: https://reactjs.org/link/react-devtools font-weight:bold @ http://localhost:5173/node_modules/.vite/deps/chunk-PJEEZAML.js?v=5dd3f5a8:21550
[     273ms] [WARNING] ⚠️ React Router Future Flag Warning: React Router will begin wrapping state updates in `React.startTransition` in v7. You can use the `v7_startTransition` future flag to opt-in early. For more information, see https://reactrouter.com/v6/upgrading/future#v7_starttransition. @ http://localhost:5173/node_modules/.vite/deps/react-router-dom.js?v=19e262be:4392
[     273ms] [WARNING] ⚠️ React Router Future Flag Warning: Relative route resolution within Splat routes is changing in v7. You can use the `v7_relativeSplatPath` future flag to opt-in early. For more information, see https://reactrouter.com/v6/upgrading/future#v7_relativesplatpath. @ http://localhost:5173/node_modules/.vite/deps/react-router-dom.js?v=19e262be:4392
[  376677ms] [INFO] %cDownload the React DevTools for a better development experience: https://reactjs.org/link/react-devtools font-weight:bold @ http://localhost:5173/node_modules/.vite/deps/chunk-PJEEZAML.js?v=5dd3f5a8:21550
[  376778ms] [WARNING] ⚠️ React Router Future Flag Warning: React Router will begin wrapping state updates in `React.startTransition` in v7. You can use the `v7_startTransition` future flag to opt-in early. For more information, see https://reactrouter.com/v6/upgrading/future#v7_starttransition. @ http://localhost:5173/node_modules/.vite/deps/react-router-dom.js?v=19e262be:4392
[  376779ms] [WARNING] ⚠️ React Router Future Flag Warning: Relative route resolution within Splat routes is changing in v7. You can use the `v7_relativeSplatPath` future flag to opt-in early. For more information, see https://reactrouter.com/v6/upgrading/future#v7_relativesplatpath. @ http://localhost:5173/node_modules/.vite/deps/react-router-dom.js?v=19e262be:4392
[  493532ms] [INFO] %cDownload the React DevTools for a better development experience: https://reactjs.org/link/react-devtools font-weight:bold @ http://localhost:5173/node_modules/.vite/deps/chunk-PJEEZAML.js?v=5dd3f5a8:21550
[  493602ms] [WARNING] ⚠️ React Router Future Flag Warning: React Router will begin wrapping state updates in `React.startTransition` in v7. You can use the `v7_startTransition` future flag to opt-in early. For more information, see https://reactrouter.com/v6/upgrading/future#v7_starttransition. @ http://localhost:5173/node_modules/.vite/deps/react-router-dom.js?v=19e262be:4392
[  493602ms] [WARNING] ⚠️ React Router Future Flag Warning: Relative route resolution within Splat routes is changing in v7. You can use the `v7_relativeSplatPath` future flag to opt-in early. For more information, see https://reactrouter.com/v6/upgrading/future#v7_relativesplatpath. @ http://localhost:5173/node_modules/.vite/deps/react-router-dom.js?v=19e262be:4392
[  494458ms] [WARNING] [TEST] Form submitted! count: 1 @ :7
[  542919ms] [WARNING] [TEST] Form submitted! count: 2 @ :5
[  644458ms] [LOG] [vite] server connection lost. Polling for restart... @ http://localhost:5173/@vite/client:559
[  647300ms] [INFO] %cDownload the React DevTools for a better development experience: https://reactjs.org/link/react-devtools font-weight:bold @ http://localhost:5173/node_modules/.vite/deps/chunk-PJEEZAML.js?v=bb087db4:21550
[  647386ms] [WARNING] ⚠️ React Router Future Flag Warning: React Router will begin wrapping state updates in `React.startTransition` in v7. You can use the `v7_startTransition` future flag to opt-in early. For more information, see https://reactrouter.com/v6/upgrading/future#v7_starttransition. @ http://localhost:5173/node_modules/.vite/deps/react-router-dom.js?v=dbb11ca8:4392
[  647386ms] [WARNING] ⚠️ React Router Future Flag Warning: Relative route resolution within Splat routes is changing in v7. You can use the `v7_relativeSplatPath` future flag to opt-in early. For more information, see https://reactrouter.com/v6/upgrading/future#v7_relativesplatpath. @ http://localhost:5173/node_modules/.vite/deps/react-router-dom.js?v=dbb11ca8:4392
[  654971ms] [LOG] [vite] server connection lost. Polling for restart... @ http://localhost:5173/@vite/client:559
[  657305ms] [ERROR] Failed to load resource: net::ERR_CONNECTION_REFUSED @ http://localhost:5173/:0
[  660631ms] [ERROR] Failed to load resource: net::ERR_CONNECTION_REFUSED @ http://localhost:5173/:0
[  663986ms] [ERROR] Failed to load resource: net::ERR_CONNECTION_REFUSED @ http://localhost:5173/:0
[  667337ms] [ERROR] Failed to load resource: net::ERR_CONNECTION_REFUSED @ http://localhost:5173/:0
[  697380ms] [INFO] %cDownload the React DevTools for a better development experience: https://reactjs.org/link/react-devtools font-weight:bold @ http://localhost:5173/node_modules/.vite/deps/chunk-PJEEZAML.js?v=2cf90b8c:21550
[  697636ms] [WARNING] ⚠️ React Router Future Flag Warning: React Router will begin wrapping state updates in `React.startTransition` in v7. You can use the `v7_startTransition` future flag to opt-in early. For more information, see https://reactrouter.com/v6/upgrading/future#v7_starttransition. @ http://localhost:5173/node_modules/.vite/deps/react-router-dom.js?v=5edb41e4:4392
[  697636ms] [WARNING] ⚠️ React Router Future Flag Warning: Relative route resolution within Splat routes is changing in v7. You can use the `v7_relativeSplatPath` future flag to opt-in early. For more information, see https://reactrouter.com/v6/upgrading/future#v7_relativesplatpath. @ http://localhost:5173/node_modules/.vite/deps/react-router-dom.js?v=5edb41e4:4392
[  699001ms] [WARNING] [bookingApi] searchSlots returning 6 slots: [{"id":"slot-001","date":"2025-01-28","isAvailable":true},{"id":"slot-002","date":"2025-01-28","isAvailable":true},{"id":"slot-003","date":"2025-01-28","isAvailable":true},{"id":"slot-004","date":"2025-01-28","isAvailable":true},{"id":"slot-005","date":"2025-01-29","isAvailable":true},{"id":"slot-006","date":"2025-01-29","isAvailable":true}] @ :5
[  847426ms] [INFO] %cDownload the React DevTools for a better development experience: https://reactjs.org/link/react-devtools font-weight:bold @ http://localhost:5173/node_modules/.vite/deps/chunk-PJEEZAML.js?v=2cf90b8c:21550
[  847574ms] [WARNING] ⚠️ React Router Future Flag Warning: React Router will begin wrapping state updates in `React.startTransition` in v7. You can use the `v7_startTransition` future flag to opt-in early. For more information, see https://reactrouter.com/v6/upgrading/future#v7_starttransition. @ http://localhost:5173/node_modules/.vite/deps/react-router-dom.js?v=5edb41e4:4392
[  847574ms] [WARNING] ⚠️ React Router Future Flag Warning: Relative route resolution within Splat routes is changing in v7. You can use the `v7_relativeSplatPath` future flag to opt-in early. For more information, see https://reactrouter.com/v6/upgrading/future#v7_relativesplatpath. @ http://localhost:5173/node_modules/.vite/deps/react-router-dom.js?v=5edb41e4:4392
[  848731ms] [WARNING] [bookingApi] searchSlots returning 6 slots: [{"id":"slot-001","date":"2025-01-28","isAvailable":true},{"id":"slot-002","date":"2025-01-28","isAvailable":true},{"id":"slot-003","date":"2025-01-28","isAvailable":true},{"id":"slot-004","date":"2025-01-28","isAvailable":true},{"id":"slot-005","date":"2025-01-29","isAvailable":true},{"id":"slot-006","date":"2025-01-29","isAvailable":true}] @ http://localhost:5173/@fs/D:/project/PropelIQ-Project/PROPELIQ-Patient-Access-Clinical-Intelligence/frontend/src/services/bookingApi.ts:199
[ 2899687ms] [LOG] [vite] server connection lost. Polling for restart... @ http://localhost:5173/@vite/client:559
[ 2902108ms] [INFO] %cDownload the React DevTools for a better development experience: https://reactjs.org/link/react-devtools font-weight:bold @ http://localhost:5173/node_modules/.vite/deps/chunk-PJEEZAML.js?v=c0433c8b:21550
[ 2902216ms] [WARNING] ⚠️ React Router Future Flag Warning: React Router will begin wrapping state updates in `React.startTransition` in v7. You can use the `v7_startTransition` future flag to opt-in early. For more information, see https://reactrouter.com/v6/upgrading/future#v7_starttransition. @ http://localhost:5173/node_modules/.vite/deps/react-router-dom.js?v=119d07ff:4392
[ 2902216ms] [WARNING] ⚠️ React Router Future Flag Warning: Relative route resolution within Splat routes is changing in v7. You can use the `v7_relativeSplatPath` future flag to opt-in early. For more information, see https://reactrouter.com/v6/upgrading/future#v7_relativesplatpath. @ http://localhost:5173/node_modules/.vite/deps/react-router-dom.js?v=119d07ff:4392
[ 3823126ms] [LOG] [vite] server connection lost. Polling for restart... @ http://localhost:5173/@vite/client:559
[ 3823131ms] [ERROR] Failed to load resource: net::ERR_CONNECTION_RESET @ http://localhost:5173/:0
[ 3826458ms] [ERROR] Failed to load resource: net::ERR_CONNECTION_REFUSED @ http://localhost:5173/:0
[ 3829792ms] [ERROR] Failed to load resource: net::ERR_CONNECTION_REFUSED @ http://localhost:5173/:0
[ 3833135ms] [ERROR] Failed to load resource: net::ERR_CONNECTION_REFUSED @ http://localhost:5173/:0
[ 3836466ms] [ERROR] Failed to load resource: net::ERR_CONNECTION_REFUSED @ http://localhost:5173/:0
[ 3839804ms] [ERROR] Failed to load resource: net::ERR_CONNECTION_REFUSED @ http://localhost:5173/:0
[ 3843164ms] [ERROR] Failed to load resource: net::ERR_CONNECTION_REFUSED @ http://localhost:5173/:0
[ 3846487ms] [ERROR] Failed to load resource: net::ERR_CONNECTION_REFUSED @ http://localhost:5173/:0
[ 3849829ms] [ERROR] Failed to load resource: net::ERR_CONNECTION_REFUSED @ http://localhost:5173/:0
[ 3853173ms] [ERROR] Failed to load resource: net::ERR_CONNECTION_REFUSED @ http://localhost:5173/:0
[ 3858632ms] [INFO] %cDownload the React DevTools for a better development experience: https://reactjs.org/link/react-devtools font-weight:bold @ http://localhost:5173/node_modules/.vite/deps/chunk-PJEEZAML.js?v=36011a4b:21550
[ 3858747ms] [WARNING] ⚠️ React Router Future Flag Warning: React Router will begin wrapping state updates in `React.startTransition` in v7. You can use the `v7_startTransition` future flag to opt-in early. For more information, see https://reactrouter.com/v6/upgrading/future#v7_starttransition. @ http://localhost:5173/node_modules/.vite/deps/react-router-dom.js?v=2110b240:4392
[ 3858747ms] [WARNING] ⚠️ React Router Future Flag Warning: Relative route resolution within Splat routes is changing in v7. You can use the `v7_relativeSplatPath` future flag to opt-in early. For more information, see https://reactrouter.com/v6/upgrading/future#v7_relativesplatpath. @ http://localhost:5173/node_modules/.vite/deps/react-router-dom.js?v=2110b240:4392
[ 4108717ms] [LOG] [vite] server connection lost. Polling for restart... @ http://localhost:5173/@vite/client:559
[ 5184778ms] [LOG] [vite] server connection lost. Polling for restart... @ http://localhost:5173/@vite/client:559
[59336100ms] [ERROR] Failed to load resource: net::ERR_NETWORK_CHANGED @ http://localhost:5173/src/components/documents/DeleteConfirmDialog.tsx:0
[59336185ms] [ERROR] Failed to load resource: net::ERR_NETWORK_CHANGED @ http://localhost:5173/src/components/documents/DropZone.tsx:0
[59336185ms] [ERROR] Failed to load resource: net::ERR_NETWORK_CHANGED @ http://localhost:5173/src/components/documents/UploadProgress.tsx:0
[59336185ms] [ERROR] Failed to load resource: net::ERR_NETWORK_CHANGED @ http://localhost:5173/src/components/clinical/CodeSuggestionRow.tsx:0
[59336185ms] [ERROR] Failed to load resource: net::ERR_NETWORK_CHANGED @ http://localhost:5173/src/components/metrics/KpiCard.tsx:0
[59336185ms] [ERROR] Failed to load resource: net::ERR_NETWORK_CHANGED @ http://localhost:5173/src/components/metrics/TrendChart.tsx:0
[59336185ms] [ERROR] Failed to load resource: net::ERR_NETWORK_CHANGED @ http://localhost:5173/src/services/metricsApi.ts:0
[59336185ms] [ERROR] Failed to load resource: net::ERR_NETWORK_CHANGED @ http://localhost:5173/src/components/clinical/DataCategoryCard.tsx:0
[59336186ms] [ERROR] Failed to load resource: net::ERR_NETWORK_CHANGED @ http://localhost:5173/src/components/clinical/VerificationBadge.tsx:0
[59336186ms] [ERROR] Failed to load resource: net::ERR_NETWORK_CHANGED @ http://localhost:5173/src/components/clinical/RiskTierBadge.tsx:0
[59336235ms] [ERROR] Failed to load resource: net::ERR_NETWORK_CHANGED @ http://localhost:5173/src/config/navigation.ts:0
[59344600ms] [INFO] %cDownload the React DevTools for a better development experience: https://reactjs.org/link/react-devtools font-weight:bold @ http://localhost:5173/node_modules/.vite/deps/chunk-PJEEZAML.js?v=36011a4b:21550
[59344901ms] [WARNING] ⚠️ React Router Future Flag Warning: React Router will begin wrapping state updates in `React.startTransition` in v7. You can use the `v7_startTransition` future flag to opt-in early. For more information, see https://reactrouter.com/v6/upgrading/future#v7_starttransition. @ http://localhost:5173/node_modules/.vite/deps/react-router-dom.js?v=2110b240:4392
[59344901ms] [WARNING] ⚠️ React Router Future Flag Warning: Relative route resolution within Splat routes is changing in v7. You can use the `v7_relativeSplatPath` future flag to opt-in early. For more information, see https://reactrouter.com/v6/upgrading/future#v7_relativesplatpath. @ http://localhost:5173/node_modules/.vite/deps/react-router-dom.js?v=2110b240:4392
[60857772ms] [ERROR] Failed to load resource: the server responded with a status of 504 (Outdated Request) @ http://localhost:5173/src/pages/dashboard/PatientDashboardPage.tsx?t=1779535964568:0
[60857772ms] [ERROR] Failed to load resource: the server responded with a status of 504 (Outdated Request) @ http://localhost:5173/src/pages/admin/UserManagementPage.tsx?t=1779535964568:0
[60857773ms] [ERROR] [hmr] Failed to reload /src/pages/dashboard/PatientDashboardPage.tsx. This could be due to syntax errors or importing non-existent modules. (see errors above) @ http://localhost:5173/@vite/client:175
[60857773ms] [ERROR] Failed to load resource: the server responded with a status of 504 (Outdated Request) @ http://localhost:5173/src/pages/dashboard/StaffDashboardPage.tsx?t=1779535964568:0
[60857773ms] [ERROR] Failed to load resource: the server responded with a status of 504 (Outdated Request) @ http://localhost:5173/src/components/layout/Sidebar.tsx?t=1779535964568:0
[60857774ms] [ERROR] [hmr] Failed to reload /src/pages/admin/UserManagementPage.tsx. This could be due to syntax errors or importing non-existent modules. (see errors above) @ http://localhost:5173/@vite/client:175
[60857774ms] [ERROR] [hmr] Failed to reload /src/pages/dashboard/StaffDashboardPage.tsx. This could be due to syntax errors or importing non-existent modules. (see errors above) @ http://localhost:5173/@vite/client:175
[60857774ms] [ERROR] [hmr] Failed to reload /src/components/layout/Sidebar.tsx. This could be due to syntax errors or importing non-existent modules. (see errors above) @ http://localhost:5173/@vite/client:175
[60857774ms] [ERROR] [hmr] Failed to reload /src/components/layout/AppLayout.tsx. This could be due to syntax errors or importing non-existent modules. (see errors above) @ http://localhost:5173/@vite/client:175
[60857802ms] [ERROR] Failed to load resource: the server responded with a status of 504 (Outdated Request) @ http://localhost:5173/src/index.css?t=1779535964568:0
[60857802ms] [ERROR] [hmr] Failed to reload /src/index.css. This could be due to syntax errors or importing non-existent modules. (see errors above) @ http://localhost:5173/@vite/client:175
[60857859ms] [ERROR] Failed to load resource: the server responded with a status of 504 (Outdated Request) @ http://localhost:5173/src/App.tsx?t=1779535964568:0
[60857860ms] [ERROR] [hmr] Failed to reload /src/App.tsx. This could be due to syntax errors or importing non-existent modules. (see errors above) @ http://localhost:5173/@vite/client:175
[60857871ms] [ERROR] Failed to load resource: the server responded with a status of 504 (Outdated Request) @ http://localhost:5173/src/pages/walkin/WalkInBookingPage.tsx?t=1779535964568:0
[60857872ms] [ERROR] [hmr] Failed to reload /src/pages/walkin/WalkInBookingPage.tsx. This could be due to syntax errors or importing non-existent modules. (see errors above) @ http://localhost:5173/@vite/client:175
[60857875ms] [ERROR] Failed to load resource: the server responded with a status of 504 (Outdated Request) @ http://localhost:5173/src/components/walkin/PatientSearchInput.tsx?t=1779535964568:0
[60857876ms] [ERROR] [hmr] Failed to reload /src/components/walkin/PatientSearchInput.tsx. This could be due to syntax errors or importing non-existent modules. (see errors above) @ http://localhost:5173/@vite/client:175
[60857880ms] [ERROR] Failed to load resource: the server responded with a status of 504 (Outdated Request) @ http://localhost:5173/src/pages/booking/AppointmentDetailPage.tsx?t=1779535964568:0
[60857881ms] [ERROR] [hmr] Failed to reload /src/pages/booking/AppointmentDetailPage.tsx. This could be due to syntax errors or importing non-existent modules. (see errors above) @ http://localhost:5173/@vite/client:175
[60857902ms] [ERROR] Failed to load resource: the server responded with a status of 504 (Outdated Request) @ http://localhost:5173/src/pages/booking/AppointmentSearchPage.tsx?t=1779535964568:0
[60857903ms] [ERROR] [hmr] Failed to reload /src/pages/booking/AppointmentSearchPage.tsx. This could be due to syntax errors or importing non-existent modules. (see errors above) @ http://localhost:5173/@vite/client:175
[60857905ms] [ERROR] Failed to load resource: the server responded with a status of 504 (Outdated Request) @ http://localhost:5173/src/pages/booking/BookingConfirmationPage.tsx?t=1779535964694:0
[60857905ms] [ERROR] [hmr] Failed to reload /src/pages/booking/BookingConfirmationPage.tsx. This could be due to syntax errors or importing non-existent modules. (see errors above) @ http://localhost:5173/@vite/client:175
[60857908ms] [ERROR] Failed to load resource: the server responded with a status of 504 (Outdated Request) @ http://localhost:5173/src/index.css?t=1779535964694:0
[60857908ms] [ERROR] [hmr] Failed to reload /src/index.css. This could be due to syntax errors or importing non-existent modules. (see errors above) @ http://localhost:5173/@vite/client:175
[60857910ms] [ERROR] Failed to load resource: the server responded with a status of 504 (Outdated Request) @ http://localhost:5173/src/pages/booking/BookingConfirmationPage.tsx?t=1779535964568:0
[60857912ms] [ERROR] [hmr] Failed to reload /src/pages/booking/BookingConfirmationPage.tsx. This could be due to syntax errors or importing non-existent modules. (see errors above) @ http://localhost:5173/@vite/client:175
[60857922ms] [ERROR] Failed to load resource: the server responded with a status of 504 (Outdated Request) @ http://localhost:5173/src/App.tsx?t=1779535964657:0
[60857923ms] [ERROR] [hmr] Failed to reload /src/App.tsx. This could be due to syntax errors or importing non-existent modules. (see errors above) @ http://localhost:5173/@vite/client:175
[60857927ms] [ERROR] Failed to load resource: the server responded with a status of 504 (Outdated Request) @ http://localhost:5173/src/index.css?t=1779535964657:0
[60857928ms] [ERROR] Failed to load resource: the server responded with a status of 504 (Outdated Request) @ http://localhost:5173/src/pages/booking/AppointmentSearchPage.tsx?t=1779535964701:0
[60857929ms] [ERROR] Failed to load resource: the server responded with a status of 504 (Outdated Request) @ http://localhost:5173/src/index.css?t=1779535964701:0
[60857930ms] [ERROR] [hmr] Failed to reload /src/index.css. This could be due to syntax errors or importing non-existent modules. (see errors above) @ http://localhost:5173/@vite/client:175
[60857931ms] [ERROR] [hmr] Failed to reload /src/pages/booking/AppointmentSearchPage.tsx. This could be due to syntax errors or importing non-existent modules. (see errors above) @ http://localhost:5173/@vite/client:175
[60857932ms] [ERROR] [hmr] Failed to reload /src/index.css. This could be due to syntax errors or importing non-existent modules. (see errors above) @ http://localhost:5173/@vite/client:175
[60857942ms] [ERROR] Failed to load resource: the server responded with a status of 504 (Outdated Request) @ http://localhost:5173/src/pages/booking/AppointmentDetailPage.tsx?t=1779535964715:0
[60857943ms] [ERROR] [hmr] Failed to reload /src/pages/booking/AppointmentDetailPage.tsx. This could be due to syntax errors or importing non-existent modules. (see errors above) @ http://localhost:5173/@vite/client:175
[60857946ms] [ERROR] Failed to load resource: the server responded with a status of 504 (Outdated Request) @ http://localhost:5173/src/index.css?t=1779535964715:0
[60857947ms] [ERROR] [hmr] Failed to reload /src/index.css. This could be due to syntax errors or importing non-existent modules. (see errors above) @ http://localhost:5173/@vite/client:175
[60857955ms] [ERROR] Failed to load resource: the server responded with a status of 504 (Outdated Request) @ http://localhost:5173/src/App.tsx?t=1779535964784:0
[60857955ms] [ERROR] [hmr] Failed to reload /src/App.tsx. This could be due to syntax errors or importing non-existent modules. (see errors above) @ http://localhost:5173/@vite/client:175
[60857960ms] [ERROR] Failed to load resource: the server responded with a status of 504 (Outdated Request) @ http://localhost:5173/src/index.css?t=1779535964784:0
[60857961ms] [ERROR] Failed to load resource: the server responded with a status of 504 (Outdated Request) @ http://localhost:5173/src/hooks/useAuth.ts?t=1779535964568:0
[60857962ms] [ERROR] [hmr] Failed to reload /src/index.css. This could be due to syntax errors or importing non-existent modules. (see errors above) @ http://localhost:5173/@vite/client:175
[60857963ms] [ERROR] [hmr] Failed to reload /src/pages/auth/MfaVerificationPage.tsx. This could be due to syntax errors or importing non-existent modules. (see errors above) @ http://localhost:5173/@vite/client:175
[60857963ms] [ERROR] [hmr] Failed to reload /src/pages/auth/MfaSetupPage.tsx. This could be due to syntax errors or importing non-existent modules. (see errors above) @ http://localhost:5173/@vite/client:175
[60857964ms] [ERROR] [hmr] Failed to reload /src/pages/auth/LoginPage.tsx. This could be due to syntax errors or importing non-existent modules. (see errors above) @ http://localhost:5173/@vite/client:175
[60857968ms] [ERROR] Failed to load resource: the server responded with a status of 504 (Outdated Request) @ http://localhost:5173/src/index.css?t=1779535964791:0
[60857968ms] [ERROR] Failed to load resource: the server responded with a status of 504 (Outdated Request) @ http://localhost:5173/src/App.tsx?t=1779535964791:0
[60857968ms] [ERROR] Failed to load resource: the server responded with a status of 504 (Outdated Request) @ http://localhost:5173/src/pages/auth/LoginPage.tsx?t=1779535964791:0
[60857969ms] [ERROR] [hmr] Failed to reload /src/index.css. This could be due to syntax errors or importing non-existent modules. (see errors above) @ http://localhost:5173/@vite/client:175
[60857969ms] [ERROR] [hmr] Failed to reload /src/App.tsx. This could be due to syntax errors or importing non-existent modules. (see errors above) @ http://localhost:5173/@vite/client:175
[60857969ms] [ERROR] [hmr] Failed to reload /src/pages/auth/LoginPage.tsx. This could be due to syntax errors or importing non-existent modules. (see errors above) @ http://localhost:5173/@vite/client:175
[60857990ms] [ERROR] Failed to load resource: the server responded with a status of 504 (Outdated Request) @ http://localhost:5173/src/components/layout/AppLayout.tsx?t=1779535964791:0
[60857991ms] [ERROR] [hmr] Failed to reload /src/components/layout/AppLayout.tsx. This could be due to syntax errors or importing non-existent modules. (see errors above) @ http://localhost:5173/@vite/client:175
[60857999ms] [ERROR] Failed to load resource: the server responded with a status of 504 (Outdated Request) @ http://localhost:5173/src/pages/auth/MfaSetupPage.tsx?t=1779535964791:0
[60858000ms] [ERROR] Failed to load resource: the server responded with a status of 504 (Outdated Request) @ http://localhost:5173/src/pages/auth/MfaVerificationPage.tsx?t=1779535964791:0
[60858001ms] [ERROR] Failed to load resource: the server responded with a status of 504 (Outdated Request) @ http://localhost:5173/src/pages/dashboard/PatientDashboardPage.tsx?t=1779535964791:0
[60858001ms] [ERROR] Failed to load resource: the server responded with a status of 504 (Outdated Request) @ http://localhost:5173/src/pages/admin/UserManagementPage.tsx?t=1779535964791:0
[60858002ms] [ERROR] [hmr] Failed to reload /src/pages/auth/MfaSetupPage.tsx. This could be due to syntax errors or importing non-existent modules. (see errors above) @ http://localhost:5173/@vite/client:175
[60858002ms] [ERROR] Failed to load resource: the server responded with a status of 504 (Outdated Request) @ http://localhost:5173/src/pages/dashboard/StaffDashboardPage.tsx?t=1779535964791:0
[60858002ms] [ERROR] [hmr] Failed to reload /src/pages/auth/MfaVerificationPage.tsx. This could be due to syntax errors or importing non-existent modules. (see errors above) @ http://localhost:5173/@vite/client:175
[60858003ms] [ERROR] [hmr] Failed to reload /src/pages/dashboard/PatientDashboardPage.tsx. This could be due to syntax errors or importing non-existent modules. (see errors above) @ http://localhost:5173/@vite/client:175
[60858003ms] [ERROR] [hmr] Failed to reload /src/pages/admin/UserManagementPage.tsx. This could be due to syntax errors or importing non-existent modules. (see errors above) @ http://localhost:5173/@vite/client:175
[60858003ms] [ERROR] [hmr] Failed to reload /src/pages/dashboard/StaffDashboardPage.tsx. This could be due to syntax errors or importing non-existent modules. (see errors above) @ http://localhost:5173/@vite/client:175
[60858016ms] [ERROR] Failed to load resource: the server responded with a status of 504 (Outdated Request) @ http://localhost:5173/src/components/layout/Sidebar.tsx?t=1779535964791:0
[60858016ms] [ERROR] [hmr] Failed to reload /src/components/layout/Sidebar.tsx. This could be due to syntax errors or importing non-existent modules. (see errors above) @ http://localhost:5173/@vite/client:175
[60858019ms] [ERROR] Failed to load resource: the server responded with a status of 504 (Outdated Request) @ http://localhost:5173/src/pages/walkin/WalkInBookingPage.tsx?t=1779535964791:0
[60858020ms] [ERROR] [hmr] Failed to reload /src/pages/walkin/WalkInBookingPage.tsx. This could be due to syntax errors or importing non-existent modules. (see errors above) @ http://localhost:5173/@vite/client:175
[60858023ms] [ERROR] Failed to load resource: the server responded with a status of 504 (Outdated Request) @ http://localhost:5173/src/components/walkin/PatientSearchInput.tsx?t=1779535964791:0
[60858023ms] [ERROR] [hmr] Failed to reload /src/components/walkin/PatientSearchInput.tsx. This could be due to syntax errors or importing non-existent modules. (see errors above) @ http://localhost:5173/@vite/client:175
[60858029ms] [ERROR] Failed to load resource: the server responded with a status of 504 (Outdated Request) @ http://localhost:5173/src/pages/booking/AppointmentDetailPage.tsx?t=1779535964791:0
[60858030ms] [ERROR] Failed to load resource: the server responded with a status of 504 (Outdated Request) @ http://localhost:5173/src/pages/booking/AppointmentSearchPage.tsx?t=1779535964791:0
[60858030ms] [ERROR] Failed to load resource: the server responded with a status of 504 (Outdated Request) @ http://localhost:5173/src/pages/booking/BookingConfirmationPage.tsx?t=1779535964791:0
[60858031ms] [ERROR] [hmr] Failed to reload /src/pages/booking/AppointmentDetailPage.tsx. This could be due to syntax errors or importing non-existent modules. (see errors above) @ http://localhost:5173/@vite/client:175
[60858031ms] [ERROR] [hmr] Failed to reload /src/pages/booking/AppointmentSearchPage.tsx. This could be due to syntax errors or importing non-existent modules. (see errors above) @ http://localhost:5173/@vite/client:175
[60858032ms] [ERROR] [hmr] Failed to reload /src/pages/booking/BookingConfirmationPage.tsx. This could be due to syntax errors or importing non-existent modules. (see errors above) @ http://localhost:5173/@vite/client:175
[60858040ms] [ERROR] Failed to load resource: the server responded with a status of 504 (Outdated Request) @ http://localhost:5173/src/index.css?t=1779535964823:0
[60858040ms] [ERROR] [hmr] Failed to reload /src/index.css. This could be due to syntax errors or importing non-existent modules. (see errors above) @ http://localhost:5173/@vite/client:175
[60858044ms] [ERROR] Failed to load resource: the server responded with a status of 504 (Outdated Request) @ http://localhost:5173/src/App.tsx?t=1779535964823:0
[60858045ms] [ERROR] [hmr] Failed to reload /src/App.tsx. This could be due to syntax errors or importing non-existent modules. (see errors above) @ http://localhost:5173/@vite/client:175
[60858049ms] [ERROR] Failed to load resource: the server responded with a status of 504 (Outdated Request) @ http://localhost:5173/src/pages/auth/LoginPage.tsx?t=1779535964823:0
[60858049ms] [ERROR] [hmr] Failed to reload /src/pages/auth/LoginPage.tsx. This could be due to syntax errors or importing non-existent modules. (see errors above) @ http://localhost:5173/@vite/client:175
[60858067ms] [ERROR] Failed to load resource: the server responded with a status of 504 (Outdated Request) @ http://localhost:5173/src/components/layout/AppLayout.tsx?t=1779535964823:0
[60858068ms] [ERROR] Failed to load resource: the server responded with a status of 504 (Outdated Request) @ http://localhost:5173/src/pages/auth/MfaSetupPage.tsx?t=1779535964823:0
[60858069ms] [ERROR] [hmr] Failed to reload /src/components/layout/AppLayout.tsx. This could be due to syntax errors or importing non-existent modules. (see errors above) @ http://localhost:5173/@vite/client:175
[60858069ms] [ERROR] [hmr] Failed to reload /src/pages/auth/MfaSetupPage.tsx. This could be due to syntax errors or importing non-existent modules. (see errors above) @ http://localhost:5173/@vite/client:175
[60858069ms] [ERROR] Failed to load resource: the server responded with a status of 504 (Outdated Request) @ http://localhost:5173/src/pages/auth/MfaVerificationPage.tsx?t=1779535964823:0
[60858070ms] [ERROR] [hmr] Failed to reload /src/pages/auth/MfaVerificationPage.tsx. This could be due to syntax errors or importing non-existent modules. (see errors above) @ http://localhost:5173/@vite/client:175
[60858087ms] [ERROR] Failed to load resource: the server responded with a status of 504 (Outdated Request) @ http://localhost:5173/src/pages/dashboard/PatientDashboardPage.tsx?t=1779535964823:0
[60858088ms] [ERROR] [hmr] Failed to reload /src/pages/dashboard/PatientDashboardPage.tsx. This could be due to syntax errors or importing non-existent modules. (see errors above) @ http://localhost:5173/@vite/client:175
[60858089ms] [ERROR] Failed to load resource: the server responded with a status of 504 (Outdated Request) @ http://localhost:5173/src/pages/admin/UserManagementPage.tsx?t=1779535964823:0
[60858090ms] [ERROR] [hmr] Failed to reload /src/pages/admin/UserManagementPage.tsx. This could be due to syntax errors or importing non-existent modules. (see errors above) @ http://localhost:5173/@vite/client:175
[60858098ms] [ERROR] Failed to load resource: the server responded with a status of 504 (Outdated Request) @ http://localhost:5173/src/pages/dashboard/StaffDashboardPage.tsx?t=1779535964823:0
[60858099ms] [ERROR] Failed to load resource: the server responded with a status of 504 (Outdated Request) @ http://localhost:5173/src/components/layout/Sidebar.tsx?t=1779535964823:0
[60858100ms] [ERROR] [hmr] Failed to reload /src/pages/dashboard/StaffDashboardPage.tsx. This could be due to syntax errors or importing non-existent modules. (see errors above) @ http://localhost:5173/@vite/client:175
[60858100ms] [ERROR] [hmr] Failed to reload /src/components/layout/Sidebar.tsx. This could be due to syntax errors or importing non-existent modules. (see errors above) @ http://localhost:5173/@vite/client:175
[60858102ms] [ERROR] Failed to load resource: the server responded with a status of 504 (Outdated Request) @ http://localhost:5173/src/pages/booking/AppointmentDetailPage.tsx?t=1779535964864:0
[60858103ms] [ERROR] [hmr] Failed to reload /src/pages/booking/AppointmentDetailPage.tsx. This could be due to syntax errors or importing non-existent modules. (see errors above) @ http://localhost:5173/@vite/client:175
[60858115ms] [ERROR] Failed to load resource: the server responded with a status of 504 (Outdated Request) @ http://localhost:5173/src/index.css?t=1779535964864:0
[60858116ms] [ERROR] [hmr] Failed to reload /src/index.css. This could be due to syntax errors or importing non-existent modules. (see errors above) @ http://localhost:5173/@vite/client:175
[60858140ms] [ERROR] Failed to load resource: the server responded with a status of 504 (Outdated Request) @ http://localhost:5173/src/index.css?t=1779535964889:0
[60858141ms] [ERROR] [hmr] Failed to reload /src/index.css. This could be due to syntax errors or importing non-existent modules. (see errors above) @ http://localhost:5173/@vite/client:175
[60858141ms] [ERROR] Failed to load resource: the server responded with a status of 504 (Outdated Request) @ http://localhost:5173/src/pages/booking/AppointmentHistoryPage.tsx?t=1779535964983:0
[60858141ms] [ERROR] [hmr] Failed to reload /src/pages/booking/AppointmentHistoryPage.tsx. This could be due to syntax errors or importing non-existent modules. (see errors above) @ http://localhost:5173/@vite/client:175
[60858142ms] [ERROR] Failed to load resource: the server responded with a status of 504 (Outdated Request) @ http://localhost:5173/src/pages/booking/AppointmentSearchPage.tsx?t=1779535964889:0
[60858143ms] [ERROR] [hmr] Failed to reload /src/pages/booking/AppointmentSearchPage.tsx. This could be due to syntax errors or importing non-existent modules. (see errors above) @ http://localhost:5173/@vite/client:175
[60858152ms] [ERROR] Failed to load resource: the server responded with a status of 504 (Outdated Request) @ http://localhost:5173/src/pages/booking/BookingConfirmationPage.tsx?t=1779535964930:0
[60858152ms] [ERROR] [hmr] Failed to reload /src/pages/booking/BookingConfirmationPage.tsx. This could be due to syntax errors or importing non-existent modules. (see errors above) @ http://localhost:5173/@vite/client:175
[60858153ms] [ERROR] Failed to load resource: the server responded with a status of 504 (Outdated Request) @ http://localhost:5173/src/index.css?t=1779535964930:0
[60858154ms] [ERROR] [hmr] Failed to reload /src/index.css. This could be due to syntax errors or importing non-existent modules. (see errors above) @ http://localhost:5173/@vite/client:175
[60858156ms] [ERROR] Failed to load resource: the server responded with a status of 504 (Outdated Request) @ http://localhost:5173/src/index.css?t=1779535964983:0
[60858157ms] [ERROR] [hmr] Failed to reload /src/index.css. This could be due to syntax errors or importing non-existent modules. (see errors above) @ http://localhost:5173/@vite/client:175
[60858173ms] [ERROR] Failed to load resource: the server responded with a status of 504 (Outdated Request) @ http://localhost:5173/src/index.css?t=1779535965060:0
[60858174ms] [ERROR] Failed to load resource: the server responded with a status of 504 (Outdated Request) @ http://localhost:5173/src/App.tsx?t=1779535965060:0
[60858175ms] [ERROR] [hmr] Failed to reload /src/index.css. This could be due to syntax errors or importing non-existent modules. (see errors above) @ http://localhost:5173/@vite/client:175
[60858175ms] [ERROR] [hmr] Failed to reload /src/App.tsx. This could be due to syntax errors or importing non-existent modules. (see errors above) @ http://localhost:5173/@vite/client:175
[60858176ms] [ERROR] Failed to load resource: the server responded with a status of 504 (Outdated Request) @ http://localhost:5173/src/pages/auth/LoginPage.tsx?t=1779535965060:0
[60858176ms] [ERROR] [hmr] Failed to reload /src/pages/auth/LoginPage.tsx. This could be due to syntax errors or importing non-existent modules. (see errors above) @ http://localhost:5173/@vite/client:175
[60858184ms] [ERROR] Failed to load resource: the server responded with a status of 504 (Outdated Request) @ http://localhost:5173/src/components/layout/AppLayout.tsx?t=1779535965060:0
[60858185ms] [ERROR] Failed to load resource: the server responded with a status of 504 (Outdated Request) @ http://localhost:5173/src/pages/auth/MfaSetupPage.tsx?t=1779535965060:0
[60858186ms] [ERROR] [hmr] Failed to reload /src/components/layout/AppLayout.tsx. This could be due to syntax errors or importing non-existent modules. (see errors above) @ http://localhost:5173/@vite/client:175
[60858186ms] [ERROR] [hmr] Failed to reload /src/pages/auth/MfaSetupPage.tsx. This could be due to syntax errors or importing non-existent modules. (see errors above) @ http://localhost:5173/@vite/client:175
[60858205ms] [ERROR] Failed to load resource: the server responded with a status of 504 (Outdated Request) @ http://localhost:5173/src/pages/auth/MfaVerificationPage.tsx?t=1779535965060:0
[60858206ms] [ERROR] [hmr] Failed to reload /src/pages/auth/MfaVerificationPage.tsx. This could be due to syntax errors or importing non-existent modules. (see errors above) @ http://localhost:5173/@vite/client:175
[60858236ms] [ERROR] Failed to load resource: the server responded with a status of 504 (Outdated Request) @ http://localhost:5173/src/pages/dashboard/PatientDashboardPage.tsx?t=1779535965060:0
[60858237ms] [ERROR] [hmr] Failed to reload /src/pages/dashboard/PatientDashboardPage.tsx. This could be due to syntax errors or importing non-existent modules. (see errors above) @ http://localhost:5173/@vite/client:175
[60858243ms] [ERROR] Failed to load resource: the server responded with a status of 504 (Outdated Request) @ http://localhost:5173/src/pages/admin/UserManagementPage.tsx?t=1779535965060:0
[60858244ms] [ERROR] [hmr] Failed to reload /src/pages/admin/UserManagementPage.tsx. This could be due to syntax errors or importing non-existent modules. (see errors above) @ http://localhost:5173/@vite/client:175
[60858248ms] [ERROR] Failed to load resource: the server responded with a status of 504 (Outdated Request) @ http://localhost:5173/src/pages/dashboard/StaffDashboardPage.tsx?t=1779535965060:0
[60858249ms] [ERROR] [hmr] Failed to reload /src/pages/dashboard/StaffDashboardPage.tsx. This could be due to syntax errors or importing non-existent modules. (see errors above) @ http://localhost:5173/@vite/client:175
[60858265ms] [ERROR] Failed to load resource: the server responded with a status of 504 (Outdated Request) @ http://localhost:5173/src/components/layout/Sidebar.tsx?t=1779535965060:0
[60858266ms] [ERROR] [hmr] Failed to reload /src/components/layout/Sidebar.tsx. This could be due to syntax errors or importing non-existent modules. (see errors above) @ http://localhost:5173/@vite/client:175
[60858402ms] [LOG] [vite] server connection lost. Polling for restart... @ http://localhost:5173/@vite/client:559
[60858410ms] [ERROR] Failed to load resource: net::ERR_CONNECTION_RESET @ http://localhost:5173/:0
[60859825ms] [ERROR] Failed to load resource: the server responded with a status of 504 (Outdated Optimize Dep) @ http://localhost:5173/node_modules/.vite/deps/react_jsx-dev-runtime.js?v=d6c27e7b:0
[60859826ms] [ERROR] Failed to load resource: the server responded with a status of 504 (Outdated Optimize Dep) @ http://localhost:5173/node_modules/.vite/deps/react.js?v=d6c27e7b:0
[60859826ms] [ERROR] Failed to load resource: the server responded with a status of 504 (Outdated Optimize Dep) @ http://localhost:5173/node_modules/.vite/deps/react-dom_client.js?v=d6c27e7b:0
[60859827ms] [ERROR] Failed to load resource: the server responded with a status of 504 (Outdated Optimize Dep) @ http://localhost:5173/node_modules/.vite/deps/react-router-dom.js?v=d6c27e7b:0
